// Jest Snapshot v1, https://goo.gl/fbAQLP

exports[`Checkbox tests should not show the error feedback if the checkbox has not been touched 1`] = `
<form
  class=""
>
  <div
    class="form-group"
    name="checkbox"
  >
    <div
      class="form-check"
    >
      <input
        class="form-check-input"
        id="checkbox1"
        label="Checkbox 1"
        name="checkbox1"
        type="checkbox"
      />
      <label
        class="form-check-label"
        for="checkbox1"
      >
        Checkbox 1
      </label>
    </div>
    <div
      class="form-check"
    >
      <input
        class="form-check-input"
        id="checkbox2"
        label="Checkbox 2"
        name="checkbox2"
        type="checkbox"
      />
      <label
        class="form-check-label"
        for="checkbox2"
      >
        Checkbox 2
      </label>
    </div>
    <div
      class="invalid-feedback"
    />
  </div>
  <div
    class="form-group"
    name="text"
  >
    <label
      class="form-label"
      for="text"
    >
      Text
    </label>
    <input
      class="form-control"
      id="text"
      name="text"
      value="foo"
    />
    <div
      class="invalid-feedback"
    />
  </div>
  <div
    class="d-flex justify-content-end"
  >
    <button
      class="btn btn-primary"
      type="submit"
    >
      Submit
    </button>
  </div>
</form>
`;
