// Jest Snapshot v1, https://goo.gl/fbAQLP

exports[`Textarea tests should not show the error feedback if the textarea has not been touched 1`] = `
<form
  class=""
>
  <div
    class="form-group"
    name="textarea"
  >
    <label
      class="form-label"
      for="textarea"
    >
      Textarea field
    </label>
    <textarea
      class="form-control"
      id="textarea"
      name="textarea"
    />
    <div
      class="invalid-feedback"
    />
  </div>
  <div
    class="form-group"
    name="text"
  >
    <label
      class="form-label"
      for="text"
    >
      Text
    </label>
    <input
      class="form-control"
      id="text"
      name="text"
      value="foo"
    />
    <div
      class="invalid-feedback"
    />
  </div>
  <div
    class="d-flex justify-content-end"
  >
    <button
      class="btn btn-primary"
      type="submit"
    >
      Submit
    </button>
  </div>
</form>
`;
